01:32:34 **** Build of configuration Debug for project bootloader ****
make all 
'Building file: ../src/bootloader.c'
'Invoking: MicroBlaze gcc compiler'
mb-gcc -Wall -O0 -g3 -c -fmessage-length=0 -MT"src/bootloader.o" -I../../bootloader_bsp/microblaze_0/include -mlittle-endian -mcpu=v10.0 -mxl-soft-mul -Wl,--no-relax -MMD -MP -MF"src/bootloader.d" -MT"src/bootloader.o" -o "src/bootloader.o" "../src/bootloader.c"
In file included from ../src/bootloader.c:56:0:
../src/blconfig.h:32:2: warning: #warning "Please provide the correct address value for the definition FLASH_IMAGE_BASEADDR." [-Wcpp]
 #warning "Please provide the correct address value for the definition FLASH_IMAGE_BASEADDR." 
  ^
'Finished building: ../src/bootloader.c'
' '
'Building file: ../src/platform.c'
'Invoking: MicroBlaze gcc compiler'
mb-gcc -Wall -O0 -g3 -c -fmessage-length=0 -MT"src/platform.o" -I../../bootloader_bsp/microblaze_0/include -mlittle-endian -mcpu=v10.0 -mxl-soft-mul -Wl,--no-relax -MMD -MP -MF"src/platform.d" -MT"src/platform.o" -o "src/platform.o" "../src/platform.c"
'Finished building: ../src/platform.c'
' '
'Building file: ../src/srec.c'
'Invoking: MicroBlaze gcc compiler'
mb-gcc -Wall -O0 -g3 -c -fmessage-length=0 -MT"src/srec.o" -I../../bootloader_bsp/microblaze_0/include -mlittle-endian -mcpu=v10.0 -mxl-soft-mul -Wl,--no-relax -MMD -MP -MF"src/srec.d" -MT"src/srec.o" -o "src/srec.o" "../src/srec.c"
'Finished building: ../src/srec.c'
' '
'Building target: bootloader.elf'
'Invoking: MicroBlaze gcc linker'
mb-gcc -Wl,-T -Wl,../src/lscript.ld -L../../bootloader_bsp/microblaze_0/lib -mlittle-endian -mcpu=v10.0 -mxl-soft-mul -Wl,--no-relax -o "bootloader.elf"  ./src/bootloader.o ./src/platform.o ./src/srec.o   -Wl,--start-group,-lxil,-lgcc,-lc,--end-group
'Finished building target: bootloader.elf'
' '
'Invoking: MicroBlaze Print Size'
mb-size bootloader.elf  |tee "bootloader.elf.size"
   text	   data	    bss	    dec	    hex	filename
   6184	    300	   1468	   7952	   1f10	bootloader.elf
'Finished building: bootloader.elf.size'
' '

01:32:37 Build Finished (took 2s.716ms)

